------------------------------------------------------------
Timing Analyzer Summary
------------------------------------------------------------

Type  : Slow 1100mV 85C Model Setup 'divisorGenerico:DIVISORCLOCK|tick'
Slack : -13.116
TNS   : -5544.055

Type  : Slow 1100mV 85C Model Setup 'CLOCK_50'
Slack : -3.685
TNS   : -114.784

Type  : Slow 1100mV 85C Model Hold 'CLOCK_50'
Slack : -1.102
TNS   : -1.102

Type  : Slow 1100mV 85C Model Hold 'divisorGenerico:DIVISORCLOCK|tick'
Slack : 0.716
TNS   : 0.000

Type  : Slow 1100mV 85C Model Recovery 'FPGA_RESET_N'
Slack : -5.101
TNS   : -5.101

Type  : Slow 1100mV 85C Model Recovery 'KEY[0]'
Slack : -5.040
TNS   : -5.040

Type  : Slow 1100mV 85C Model Recovery 'KEY[1]'
Slack : -4.967
TNS   : -4.967

Type  : Slow 1100mV 85C Model Removal 'KEY[1]'
Slack : 0.093
TNS   : 0.000

Type  : Slow 1100mV 85C Model Removal 'FPGA_RESET_N'
Slack : 0.297
TNS   : 0.000

Type  : Slow 1100mV 85C Model Removal 'KEY[0]'
Slack : 0.384
TNS   : 0.000

Type  : Slow 1100mV 85C Model Minimum Pulse Width 'divisorGenerico:DIVISORCLOCK|tick'
Slack : -0.724
TNS   : -731.714

Type  : Slow 1100mV 85C Model Minimum Pulse Width 'CLOCK_50'
Slack : -0.724
TNS   : -36.683

Type  : Slow 1100mV 85C Model Minimum Pulse Width 'FPGA_RESET_N'
Slack : -0.724
TNS   : -1.234

Type  : Slow 1100mV 85C Model Minimum Pulse Width 'KEY[0]'
Slack : -0.724
TNS   : -1.186

Type  : Slow 1100mV 85C Model Minimum Pulse Width 'KEY[1]'
Slack : -0.724
TNS   : -1.120

Type  : Slow 1100mV 0C Model Setup 'divisorGenerico:DIVISORCLOCK|tick'
Slack : -13.356
TNS   : -5458.659

Type  : Slow 1100mV 0C Model Setup 'CLOCK_50'
Slack : -3.965
TNS   : -113.211

Type  : Slow 1100mV 0C Model Hold 'CLOCK_50'
Slack : -1.151
TNS   : -1.151

Type  : Slow 1100mV 0C Model Hold 'divisorGenerico:DIVISORCLOCK|tick'
Slack : 0.748
TNS   : 0.000

Type  : Slow 1100mV 0C Model Recovery 'KEY[1]'
Slack : -5.062
TNS   : -5.062

Type  : Slow 1100mV 0C Model Recovery 'KEY[0]'
Slack : -5.010
TNS   : -5.010

Type  : Slow 1100mV 0C Model Recovery 'FPGA_RESET_N'
Slack : -4.971
TNS   : -4.971

Type  : Slow 1100mV 0C Model Removal 'KEY[1]'
Slack : 0.061
TNS   : 0.000

Type  : Slow 1100mV 0C Model Removal 'FPGA_RESET_N'
Slack : 0.110
TNS   : 0.000

Type  : Slow 1100mV 0C Model Removal 'KEY[0]'
Slack : 0.264
TNS   : 0.000

Type  : Slow 1100mV 0C Model Minimum Pulse Width 'divisorGenerico:DIVISORCLOCK|tick'
Slack : -0.724
TNS   : -720.267

Type  : Slow 1100mV 0C Model Minimum Pulse Width 'CLOCK_50'
Slack : -0.724
TNS   : -36.658

Type  : Slow 1100mV 0C Model Minimum Pulse Width 'FPGA_RESET_N'
Slack : -0.724
TNS   : -1.265

Type  : Slow 1100mV 0C Model Minimum Pulse Width 'KEY[0]'
Slack : -0.724
TNS   : -1.191

Type  : Slow 1100mV 0C Model Minimum Pulse Width 'KEY[1]'
Slack : -0.724
TNS   : -1.116

Type  : Fast 1100mV 85C Model Setup 'divisorGenerico:DIVISORCLOCK|tick'
Slack : -5.560
TNS   : -2314.050

Type  : Fast 1100mV 85C Model Setup 'CLOCK_50'
Slack : -1.187
TNS   : -35.409

Type  : Fast 1100mV 85C Model Hold 'CLOCK_50'
Slack : -0.520
TNS   : -0.520

Type  : Fast 1100mV 85C Model Hold 'divisorGenerico:DIVISORCLOCK|tick'
Slack : 0.066
TNS   : 0.000

Type  : Fast 1100mV 85C Model Recovery 'KEY[0]'
Slack : -2.202
TNS   : -2.202

Type  : Fast 1100mV 85C Model Recovery 'KEY[1]'
Slack : -1.961
TNS   : -1.961

Type  : Fast 1100mV 85C Model Recovery 'FPGA_RESET_N'
Slack : -1.924
TNS   : -1.924

Type  : Fast 1100mV 85C Model Removal 'KEY[1]'
Slack : -0.370
TNS   : -0.370

Type  : Fast 1100mV 85C Model Removal 'FPGA_RESET_N'
Slack : -0.276
TNS   : -0.276

Type  : Fast 1100mV 85C Model Removal 'KEY[0]'
Slack : -0.233
TNS   : -0.233

Type  : Fast 1100mV 85C Model Minimum Pulse Width 'KEY[0]'
Slack : -0.443
TNS   : -0.537

Type  : Fast 1100mV 85C Model Minimum Pulse Width 'FPGA_RESET_N'
Slack : -0.403
TNS   : -0.458

Type  : Fast 1100mV 85C Model Minimum Pulse Width 'CLOCK_50'
Slack : -0.390
TNS   : -3.171

Type  : Fast 1100mV 85C Model Minimum Pulse Width 'KEY[1]'
Slack : -0.346
TNS   : -0.346

Type  : Fast 1100mV 85C Model Minimum Pulse Width 'divisorGenerico:DIVISORCLOCK|tick'
Slack : -0.131
TNS   : -29.779

Type  : Fast 1100mV 0C Model Setup 'divisorGenerico:DIVISORCLOCK|tick'
Slack : -4.921
TNS   : -2020.871

Type  : Fast 1100mV 0C Model Setup 'CLOCK_50'
Slack : -1.045
TNS   : -29.922

Type  : Fast 1100mV 0C Model Hold 'CLOCK_50'
Slack : -0.570
TNS   : -0.570

Type  : Fast 1100mV 0C Model Hold 'divisorGenerico:DIVISORCLOCK|tick'
Slack : 0.134
TNS   : 0.000

Type  : Fast 1100mV 0C Model Recovery 'KEY[0]'
Slack : -1.787
TNS   : -1.787

Type  : Fast 1100mV 0C Model Recovery 'KEY[1]'
Slack : -1.614
TNS   : -1.614

Type  : Fast 1100mV 0C Model Recovery 'FPGA_RESET_N'
Slack : -1.593
TNS   : -1.593

Type  : Fast 1100mV 0C Model Removal 'KEY[1]'
Slack : -0.449
TNS   : -0.449

Type  : Fast 1100mV 0C Model Removal 'FPGA_RESET_N'
Slack : -0.382
TNS   : -0.382

Type  : Fast 1100mV 0C Model Removal 'KEY[0]'
Slack : -0.328
TNS   : -0.328

Type  : Fast 1100mV 0C Model Minimum Pulse Width 'KEY[0]'
Slack : -0.412
TNS   : -0.483

Type  : Fast 1100mV 0C Model Minimum Pulse Width 'FPGA_RESET_N'
Slack : -0.384
TNS   : -0.428

Type  : Fast 1100mV 0C Model Minimum Pulse Width 'CLOCK_50'
Slack : -0.370
TNS   : -3.118

Type  : Fast 1100mV 0C Model Minimum Pulse Width 'KEY[1]'
Slack : -0.335
TNS   : -0.335

Type  : Fast 1100mV 0C Model Minimum Pulse Width 'divisorGenerico:DIVISORCLOCK|tick'
Slack : -0.066
TNS   : -6.639

------------------------------------------------------------
