------------------------------------------------------------
Timing Analyzer Summary
------------------------------------------------------------

Type  : Slow 1100mV 85C Model Setup 'KEY[0]'
Slack : -5.727
TNS   : -136.555

Type  : Slow 1100mV 85C Model Setup 'CLOCK_50'
Slack : -2.735
TNS   : -2.735

Type  : Slow 1100mV 85C Model Hold 'CLOCK_50'
Slack : 0.750
TNS   : 0.000

Type  : Slow 1100mV 85C Model Hold 'KEY[0]'
Slack : 0.927
TNS   : 0.000

Type  : Slow 1100mV 85C Model Minimum Pulse Width 'CLOCK_50'
Slack : -0.718
TNS   : -1.256

Type  : Slow 1100mV 85C Model Minimum Pulse Width 'KEY[0]'
Slack : -0.539
TNS   : -33.358

Type  : Slow 1100mV 0C Model Setup 'KEY[0]'
Slack : -5.977
TNS   : -135.582

Type  : Slow 1100mV 0C Model Setup 'CLOCK_50'
Slack : -2.702
TNS   : -2.702

Type  : Slow 1100mV 0C Model Hold 'CLOCK_50'
Slack : 0.585
TNS   : 0.000

Type  : Slow 1100mV 0C Model Hold 'KEY[0]'
Slack : 0.883
TNS   : 0.000

Type  : Slow 1100mV 0C Model Minimum Pulse Width 'CLOCK_50'
Slack : -0.716
TNS   : -1.275

Type  : Slow 1100mV 0C Model Minimum Pulse Width 'KEY[0]'
Slack : -0.621
TNS   : -36.862

Type  : Fast 1100mV 85C Model Setup 'KEY[0]'
Slack : -2.325
TNS   : -53.726

Type  : Fast 1100mV 85C Model Setup 'CLOCK_50'
Slack : -2.164
TNS   : -2.164

Type  : Fast 1100mV 85C Model Hold 'CLOCK_50'
Slack : 0.252
TNS   : 0.000

Type  : Fast 1100mV 85C Model Hold 'KEY[0]'
Slack : 0.382
TNS   : 0.000

Type  : Fast 1100mV 85C Model Minimum Pulse Width 'KEY[0]'
Slack : -0.799
TNS   : -38.733

Type  : Fast 1100mV 85C Model Minimum Pulse Width 'CLOCK_50'
Slack : -0.767
TNS   : -1.351

Type  : Fast 1100mV 0C Model Setup 'KEY[0]'
Slack : -2.129
TNS   : -47.586

Type  : Fast 1100mV 0C Model Setup 'CLOCK_50'
Slack : -2.046
TNS   : -2.046

Type  : Fast 1100mV 0C Model Hold 'CLOCK_50'
Slack : 0.131
TNS   : 0.000

Type  : Fast 1100mV 0C Model Hold 'KEY[0]'
Slack : 0.333
TNS   : 0.000

Type  : Fast 1100mV 0C Model Minimum Pulse Width 'KEY[0]'
Slack : -0.820
TNS   : -40.482

Type  : Fast 1100mV 0C Model Minimum Pulse Width 'CLOCK_50'
Slack : -0.764
TNS   : -1.403

------------------------------------------------------------
