------------------------------------------------------------
Timing Analyzer Summary
------------------------------------------------------------

Type  : Slow 1100mV 85C Model Setup 'KEY[0]'
Slack : -11.040
TNS   : -19529.678

Type  : Slow 1100mV 85C Model Setup 'CLOCK_50'
Slack : -2.938
TNS   : -2.938

Type  : Slow 1100mV 85C Model Hold 'CLOCK_50'
Slack : 0.791
TNS   : 0.000

Type  : Slow 1100mV 85C Model Hold 'KEY[0]'
Slack : 0.841
TNS   : 0.000

Type  : Slow 1100mV 85C Model Minimum Pulse Width 'CLOCK_50'
Slack : -0.718
TNS   : -1.256

Type  : Slow 1100mV 85C Model Minimum Pulse Width 'KEY[0]'
Slack : -0.538
TNS   : -1809.696

Type  : Slow 1100mV 0C Model Setup 'KEY[0]'
Slack : -10.905
TNS   : -19122.361

Type  : Slow 1100mV 0C Model Setup 'CLOCK_50'
Slack : -2.898
TNS   : -2.898

Type  : Slow 1100mV 0C Model Hold 'CLOCK_50'
Slack : 0.638
TNS   : 0.000

Type  : Slow 1100mV 0C Model Hold 'KEY[0]'
Slack : 0.821
TNS   : 0.000

Type  : Slow 1100mV 0C Model Minimum Pulse Width 'CLOCK_50'
Slack : -0.716
TNS   : -1.275

Type  : Slow 1100mV 0C Model Minimum Pulse Width 'KEY[0]'
Slack : -0.585
TNS   : -1922.590

Type  : Fast 1100mV 85C Model Setup 'KEY[0]'
Slack : -5.546
TNS   : -9233.220

Type  : Fast 1100mV 85C Model Setup 'CLOCK_50'
Slack : -2.267
TNS   : -2.267

Type  : Fast 1100mV 85C Model Hold 'CLOCK_50'
Slack : 0.275
TNS   : 0.000

Type  : Fast 1100mV 85C Model Hold 'KEY[0]'
Slack : 0.371
TNS   : 0.000

Type  : Fast 1100mV 85C Model Minimum Pulse Width 'CLOCK_50'
Slack : -0.767
TNS   : -1.351

Type  : Fast 1100mV 85C Model Minimum Pulse Width 'KEY[0]'
Slack : -0.736
TNS   : -1616.056

Type  : Fast 1100mV 0C Model Setup 'KEY[0]'
Slack : -4.928
TNS   : -8179.464

Type  : Fast 1100mV 0C Model Setup 'CLOCK_50'
Slack : -2.122
TNS   : -2.122

Type  : Fast 1100mV 0C Model Hold 'CLOCK_50'
Slack : 0.145
TNS   : 0.000

Type  : Fast 1100mV 0C Model Hold 'KEY[0]'
Slack : 0.334
TNS   : 0.000

Type  : Fast 1100mV 0C Model Minimum Pulse Width 'KEY[0]'
Slack : -0.773
TNS   : -1912.346

Type  : Fast 1100mV 0C Model Minimum Pulse Width 'CLOCK_50'
Slack : -0.764
TNS   : -1.403

------------------------------------------------------------
